[40A[49m                                                                                [m
[49m                                                                                [m
[49m                                          [38;2;61;18;14;48;2;59;16;13m▄[48;2;61;18;14m     [49m                                [m
[49m                                      [48;2;61;18;14m  [49m  [48;2;61;18;14m  [49m  [48;2;61;18;14m  [49m                                [m
[49m                            [48;2;61;18;14m                      [49m                              [m
[49m                          [48;2;61;18;14m                          [49m                            [m
[49m                        [48;2;61;18;14m                              [49m                          [m
[49m                      [48;2;61;18;14m                                [49m                          [m
[49m                      [48;2;61;18;14m                                  [49m                        [m
[49m                    [48;2;61;18;14m                                    [49m                        [m
[49m                    [48;2;61;18;14m                                    [49m                        [m
[49m                    [48;2;61;18;14m                                      [49m                      [m
[49m                    [48;2;61;18;14m                                      [49m                      [m
[49m                    [48;2;61;18;14m          [49m    [48;2;61;18;14m  [49m  [48;2;61;18;14m                    [49m                      [m
[49m                    [48;2;61;18;14m      [49m                  [48;2;61;18;14m    [38;2;251;197;14;48;2;250;197;13m▄[48;2;251;197;14m [48;2;61;18;14m        [49m                      [m
[49m                    [48;2;61;18;14m      [48;2;251;197;14m                        [48;2;61;18;14m        [49m                      [m
[49m                    [48;2;61;18;14m        [48;2;251;197;14m                      [48;2;61;18;14m        [49m                      [m
[49m                      [48;2;61;18;14m        [48;2;251;197;14m    [48;2;61;18;14m    [48;2;251;197;14m  [48;2;61;18;14m    [48;2;251;197;14m    [48;2;61;18;14m          [49m                      [m
[49m                      [48;2;61;18;14m            [48;2;251;197;14m    [48;2;61;18;14m  [48;2;251;197;14m    [48;2;61;18;14m            [49m                        [m
[49m                        [48;2;61;18;14m            [48;2;251;197;14m      [48;2;61;18;14m          [49m                            [m
[49m                            [48;2;61;18;14m        [48;2;251;197;14m      [48;2;61;18;14m    [49m  [48;2;61;18;14m  [49m                              [m
[49m                              [48;2;61;18;14m              [38;2;181;230;29;48;2;181;229;27m▄[48;2;181;230;29m   [48;2;61;18;14m  [49m                              [m
[49m                            [48;2;61;18;14m  [48;2;181;230;29m      [48;2;61;18;14m      [48;2;181;230;29m        [48;2;61;18;14m  [49m                            [m
[49m                          [48;2;61;18;14m  [38;2;255;242;0;48;2;255;241;0m▄[48;2;255;242;0m [48;2;181;230;29m                  [48;2;255;242;0m    [48;2;61;18;14m  [49m                          [m
[49m                          [48;2;61;18;14m  [48;2;255;242;0m    [48;2;181;230;29m              [48;2;61;18;14m  [48;2;255;242;0m    [48;2;61;18;14m  [49m                          [m
[49m                          [48;2;61;18;14m  [48;2;255;242;0m    [48;2;61;18;14m  [48;2;255;242;0m            [48;2;61;18;14m  [48;2;255;242;0m    [48;2;61;18;14m  [49m                          [m
[49m                        [48;2;61;18;14m    [48;2;181;230;29m    [48;2;255;242;0m              [48;2;181;230;29m      [48;2;61;18;14m  [49m                          [m
[49m                        [48;2;61;18;14m  [48;2;181;230;29m      [48;2;255;242;0m                [48;2;181;230;29m    [48;2;61;18;14m  [49m                          [m
[49m                        [48;2;61;18;14m  [48;2;181;230;29m      [48;2;255;242;0m    [48;2;181;230;29m                [48;2;61;18;14m  [49m                          [m
[49m                        [48;2;61;18;14m  [48;2;181;230;29m                          [48;2;61;18;14m  [49m                          [m
[49m                        [48;2;61;18;14m  [48;2;251;197;14m      [48;2;181;230;29m                [48;2;251;197;14m      [48;2;61;18;14m  [49m                        [m
[49m                        [48;2;61;18;14m  [48;2;251;197;14m      [48;2;181;230;29m                [48;2;251;197;14m      [48;2;61;18;14m  [49m                        [m
[49m                        [48;2;61;18;14m  [48;2;251;197;14m      [48;2;61;18;14m                [48;2;251;197;14m      [48;2;61;18;14m  [49m                        [m
[49m                        [48;2;61;18;14m  [48;2;251;197;14m      [48;2;61;18;14m                      [49m                          [m
[49m                            [48;2;61;18;14m                      [49m                              [m
[49m                                                                                [m
[49m                                                                                [m
[49m                                                                                [m
[49m                                                                                [m
[49m                                                                                [m
