[40A[49m                                                                                [m
[49m                                                                                [m
[49m                                                                                [m
[49m                                                                                [m
[49m                                                [48;2;61;18;14m  [49m                              [m
[49m                                            [48;2;61;18;14m  [49m  [48;2;61;18;14m  [49m                              [m
[49m                              [48;2;61;18;14m                    [49m                              [m
[49m                          [48;2;61;18;14m                            [49m                          [m
[49m                        [48;2;61;18;14m                              [49m                          [m
[49m                        [48;2;61;18;14m                                [49m                        [m
[49m                      [48;2;61;18;14m                                    [49m                      [m
[49m                      [48;2;61;18;14m                                    [49m                      [m
[49m                      [48;2;61;18;14m                                    [49m                      [m
[49m                      [48;2;61;18;14m                                    [49m                      [m
[49m                      [48;2;61;18;14m                                    [49m                      [m
[49m                      [48;2;61;18;14m                                    [49m                      [m
[49m                      [48;2;61;18;14m                            [48;2;104;121;81m  [48;2;61;18;14m      [49m                      [m
[49m                      [48;2;61;18;14m      [48;2;251;197;14m  [48;2;104;121;81m  [48;2;61;18;14m                [48;2;251;197;14m    [48;2;61;18;14m      [49m                      [m
[49m                      [48;2;61;18;14m      [48;2;251;197;14m    [48;2;104;121;81m        [48;2;61;18;14m      [48;2;251;197;14m    [48;2;61;18;14m        [49m                      [m
[49m                        [48;2;61;18;14m      [48;2;251;197;14m                  [48;2;61;18;14m          [49m                      [m
[49m                            [48;2;61;18;14m    [48;2;251;197;14m  [48;2;158;109;14m  [48;2;251;197;14m          [48;2;61;18;14m    [49m                              [m
[49m                              [48;2;61;18;14m          [48;2;251;197;14m  [48;2;61;18;14m      [49m                                [m
[49m                              [48;2;61;18;14m  [48;2;181;230;29m  [48;2;61;18;14m            [48;2;181;230;29m    [48;2;61;18;14m    [49m                          [m
[49m                          [48;2;61;18;14m    [48;2;255;242;0m  [48;2;181;230;29m    [48;2;61;18;14m        [48;2;181;230;29m    [48;2;255;242;0m    [48;2;61;18;14m  [49m                          [m
[49m                          [48;2;61;18;14m  [48;2;255;242;0m      [48;2;181;230;29m              [48;2;255;242;0m      [48;2;61;18;14m  [49m                        [m
[49m                          [48;2;61;18;14m  [48;2;181;230;29m      [48;2;61;18;14m      [48;2;181;230;29m    [48;2;61;18;14m    [48;2;181;230;29m      [48;2;61;18;14m  [49m                        [m
[49m                          [48;2;61;18;14m  [48;2;181;230;29m      [48;2;251;197;14m      [48;2;61;18;14m      [48;2;181;230;29m        [48;2;61;18;14m  [49m                        [m
[49m                          [48;2;61;18;14m  [48;2;181;230;29m      [48;2;251;197;14m            [48;2;61;18;14m  [48;2;181;230;29m      [49m                          [m
[49m                            [48;2;61;18;14m      [48;2;251;197;14m            [48;2;181;230;29m      [48;2;61;18;14m  [49m                          [m
[49m                                [48;2;61;18;14m    [48;2;251;197;14m          [48;2;61;18;14m      [49m                            [m
[49m                                [48;2;61;18;14m              [48;2;181;230;29m    [48;2;61;18;14m  [49m                            [m
[49m                                [48;2;61;18;14m    [48;2;181;230;29m              [48;2;61;18;14m  [49m                            [m
[49m                                [48;2;61;18;14m      [48;2;181;230;29m            [48;2;61;18;14m  [49m                            [m
[49m                              [48;2;61;18;14m                      [49m                            [m
[49m                              [48;2;61;18;14m          [49m  [48;2;61;18;14m          [49m                            [m
[49m                              [48;2;61;18;14m          [49m    [48;2;61;18;14m          [49m                          [m
[49m                              [48;2;61;18;14m          [49m    [48;2;61;18;14m          [49m                          [m
[49m                          [48;2;61;18;14m            [49m        [48;2;61;18;14m        [49m                          [m
[49m                            [48;2;61;18;14m      [49m            [48;2;61;18;14m          [49m                        [m
[49m                                              [48;2;61;18;14m          [49m                        [m
